// Jest Snapshot v1, https://goo.gl/fbAQLP

exports[`PageNotFound component snapshot 1`] = `
<div>
  <div
    class="css-11wj5jt"
  >
    <div
      class="MuiPaper-root MuiPaper-elevation MuiPaper-rounded MuiPaper-elevation3 css-1vwoz01-MuiPaper-root"
    >
      <img
        alt="404"
      />
      <div
        class="MuiContainer-root MuiContainer-maxWidthLg css-wbzd9a-MuiContainer-root"
      >
        <div
          class="MuiContainer-root MuiContainer-maxWidthLg css-18p1znf-MuiContainer-root"
        >
          <h3
            class="MuiTypography-root MuiTypography-h3 css-15380h8-MuiTypography-root"
          >
            Looks like we’re lost.
          </h3>
          <h6
            class="MuiTypography-root MuiTypography-h6 css-1wetlb4-MuiTypography-root"
          >
            Sorry, the page you are looking for cannot be found or may have been moved. You can go back to the homepage or use our search.
          </h6>
          <p
            class="MuiTypography-root MuiTypography-body1 css-ps0fg4-MuiTypography-root"
          >
            Our main destinations:
          </p>
          <p
            class="MuiTypography-root MuiTypography-body1 css-y0t9kg-MuiTypography-root"
          >
            Africa•Asia•Europe•India•Central America•Middle East•North America•Oceania•Polar Regions•South America
          </p>
          <button
            class="MuiButtonBase-root MuiButton-root MuiButton-contained MuiButton-containedPrimary MuiButton-sizeMedium MuiButton-containedSizeMedium MuiButton-root MuiButton-contained MuiButton-containedPrimary MuiButton-sizeMedium MuiButton-containedSizeMedium css-sghohy-MuiButtonBase-root-MuiButton-root"
            tabindex="0"
            type="button"
          >
            Back to Home
            <span
              class="MuiTouchRipple-root css-8je8zh-MuiTouchRipple-root"
            />
          </button>
        </div>
      </div>
    </div>
  </div>
</div>
`;
