// Jest Snapshot v1, https://goo.gl/fbAQLP

exports[`TripCreatedPage component snapshot 1`] = `
<div>
  <div
    class="css-11wj5jt"
  >
    <div
      class="MuiContainer-root MuiContainer-maxWidthLg css-1oqqzyl-MuiContainer-root"
    >
      Thank you for inquiring about your trip of a lifetime with us. Our team of experts will be in touch soon to help craft the perfect vacation for you. Sincerely, Enchanting Travels
    </div>
  </div>
</div>
`;
